=== data/q5_arith_b17.txt ===
    q=5 mode=arith roots=300 cp=1e4..1e12 buf=1e9..1e17
    residue histogram of counted nodes (u mod q): 0:0.20002 1:0.19998 2:0.20000 3:0.20001 4:0.19999   [uniform = 0.20000]

    [1] E-001 estimator, fixed window 1e5..1e8, mean slope by buffer:
        1e9:0.60039  1e10:0.62223  1e11:0.63121  1e12:0.63463  1e13:0.63638  1e14:0.63723  1e15:0.63766  1e16:0.63774  1e17:0.63778
        Aitken(buffer->inf) = 0.63781   bootstrap 95% CI [0.63134, 0.64412]

    [2] per-decade slope, raw at each buffer, then buffer-extrapolated
        with a bootstrap over roots (2000 resamples):
        decade      1e9  1e10  1e11  1e12  1e13  1e14  1e15  1e16  1e17    Aitken   95% CI
        1e4->1e5  0.6283  0.6310  0.6317  0.6323  0.6323  0.6324  0.6324  0.6324  0.6324    0.6324  [0.6117,0.6526]  (n_buf usable 9, n_roots 300)
        1e5->1e6  0.6247  0.6292  0.6319  0.6327  0.6330  0.6336  0.6338  0.6338  0.6338    0.6338  [0.6206,0.6472]  (n_buf usable 9, n_roots 300)
        1e6->1e7  0.6052  0.6209  0.6281  0.6306  0.6319  0.6325  0.6331  0.6332  0.6332    0.6332  [0.6253,0.6409]  (n_buf usable 9, n_roots 300)
        1e7->1e8  0.5713  0.6165  0.6336  0.6406  0.6442  0.6456  0.6461  0.6463  0.6464    0.6465  [0.6425,0.6506]  (n_buf usable 9, n_roots 300)
        1e8->1e9  0.4186  0.5743  0.6193  0.6365  0.6433  0.6464  0.6478  0.6484  0.6486    0.6487  [0.6467,0.6506]  (n_buf usable 8, n_roots 300)
        1e9->1e10  0.0000  0.4199  0.5747  0.6198  0.6367  0.6435  0.6467  0.6480  0.6486    0.6490  [0.6479,0.6499]  (n_buf usable 7, n_roots 300)
        1e10->1e11  0.0000  0.0000  0.4206  0.5757  0.6209  0.6381  0.6451  0.6482  0.6495    0.6506  [0.6502,0.6510]  (n_buf usable 6, n_roots 300)
        1e11->1e12  0.0000  0.0000  0.0000  0.4206  0.5756  0.6209  0.6380  0.6451  0.6482    0.6505  [0.6503,0.6508]  (n_buf usable 5, n_roots 300)

    [3] deficit of the buffer-extrapolated decade slope against alpha_- = 0.650919
        distance only (the arithmetic exponent is the disputed quantity)
        L=4.5:+0.0186  L=5.5:+0.0171  L=6.5:+0.0177  L=7.5:+0.0044  L=8.5:+0.0022  L=9.5:+0.0020  L=10.5:+0.0003  L=11.5:+0.0004
        Kontorovich-Lagarias vs Volkov separation Delta = 0.0271

