the arithmetic tree against the construction retuned to 0.678, at
every checkpoint decade the b15 grid supports

decade         cycq500       cyc       iid   iidq500     arith   cycq505   iidq505     band  to floor  arith in band?  to-floor 95%
1e5->1e6         0.61190   0.61366   0.59064   0.59160   0.63401   0.64477   0.59408  0.02302  -0.0399  NO, ABOVE      [-0.06429,-0.01587]
1e6->1e7         0.63749   0.63447   0.61545   0.61363   0.62697   0.66268   0.63432  0.02386   0.0073  yes            [-0.02426,+0.03566]
1e7->1e8         0.64758   0.64482   0.63152   0.63217   0.64622   0.67200   0.66394  0.01606   0.0177  yes            [+0.00864,+0.02665]
1e8->1e9         0.64990   0.64966   0.64219   0.64451   0.64880   0.67745   0.67157  0.00771   0.0228  yes            [+0.01721,+0.02785]
1e9->1e10        0.64981   0.65122   0.64751   0.64738   0.64926   0.67748   0.67358  0.00384   0.0243  yes            [+0.02082,+0.02724]

At the shallowest decade the arithmetic reading sits ABOVE the
0.650919 span and INSIDE the 0.678 span, so the conservative gap is
negative there and its interval is entirely negative; that decade
carries no calibration weight. At 1e6->1e7 the interval still covers
zero. It excludes zero in the positive direction only from 1e7->1e8
onward. Until round 25 this block asserted the opposite of both, a
narrative written for the pre-conservative gap and never re-read
against the numbers printed directly above it.

P(the band narrows at every step) = 0.540, so the ordering
is not a fact to assert. Step by step:
   step 1  0.02302 -> 0.02386   P = 0.618
   step 2  0.02386 -> 0.01606   P = 0.918
   step 3  0.01606 -> 0.00771   P = 0.998
   step 4  0.00771 -> 0.00384   P = 0.982

What IS solid: the band at 1e6->1e7 is 0.02386 and at
1e9->1e10 is 0.00384, a factor of 6.2.
