=== verificacao: rho(M_q,k(alpha)) vs forma fechada escalar ===
q=3 k=1 alpha=0.5: rho=1.393846850117 c=1.393846850117 diff=2.22e-16 colsum[min,max]=[1.3938468501,1.3938468501]
q=3 k=1 alpha=1.0: rho=1.000000000000 c=1.000000000000 diff=0.00e+00 colsum[min,max]=[1.0000000000,1.0000000000]
q=3 k=1 alpha=1.5: rho=0.947290041876 c=0.947290041876 diff=2.22e-16 colsum[min,max]=[0.9472900419,0.9472900419]
q=3 k=1 alpha=2.0: rho=1.000000000000 c=1.000000000000 diff=0.00e+00 colsum[min,max]=[1.0000000000,1.0000000000]
q=3 k=2 alpha=0.5: rho=1.393846850117 c=1.393846850117 diff=2.22e-16 colsum[min,max]=[1.3938468501,1.3938468501]
q=3 k=2 alpha=1.0: rho=1.000000000000 c=1.000000000000 diff=4.44e-16 colsum[min,max]=[1.0000000000,1.0000000000]
q=3 k=2 alpha=1.5: rho=0.947290041876 c=0.947290041876 diff=4.44e-16 colsum[min,max]=[0.9472900419,0.9472900419]
q=3 k=2 alpha=2.0: rho=1.000000000000 c=1.000000000000 diff=0.00e+00 colsum[min,max]=[1.0000000000,1.0000000000]
q=3 k=3 alpha=0.5: rho=1.393846850117 c=1.393846850117 diff=4.44e-16 colsum[min,max]=[1.3938468501,1.3938468501]
q=3 k=3 alpha=1.0: rho=1.000000000000 c=1.000000000000 diff=3.33e-16 colsum[min,max]=[1.0000000000,1.0000000000]
q=3 k=3 alpha=1.5: rho=0.947290041876 c=0.947290041876 diff=1.11e-16 colsum[min,max]=[0.9472900419,0.9472900419]
q=3 k=3 alpha=2.0: rho=1.000000000000 c=1.000000000000 diff=2.22e-16 colsum[min,max]=[1.0000000000,1.0000000000]
q=3 k=4 alpha=0.5: rho=1.393846850117 c=1.393846850117 diff=6.66e-16 colsum[min,max]=[1.3938468501,1.3938468501]
q=3 k=4 alpha=1.0: rho=1.000000000000 c=1.000000000000 diff=3.33e-16 colsum[min,max]=[1.0000000000,1.0000000000]
q=3 k=4 alpha=1.5: rho=0.947290041876 c=0.947290041876 diff=5.55e-16 colsum[min,max]=[0.9472900419,0.9472900419]
q=3 k=4 alpha=2.0: rho=1.000000000000 c=1.000000000000 diff=0.00e+00 colsum[min,max]=[1.0000000000,1.0000000000]

q=5 k=1 alpha=0.5: rho=1.079669127534 c=1.079669127534 diff=6.66e-16 colsum[min,max]=[1.0796691275,1.0796691275]
q=5 k=1 alpha=1.0: rho=1.000000000000 c=1.000000000000 diff=2.22e-16 colsum[min,max]=[1.0000000000,1.0000000000]
q=5 k=1 alpha=1.5: rho=1.222946185405 c=1.222946185405 diff=0.00e+00 colsum[min,max]=[1.2229461854,1.2229461854]
q=5 k=1 alpha=2.0: rho=1.666666666667 c=1.666666666667 diff=4.44e-16 colsum[min,max]=[1.6666666667,1.6666666667]
q=5 k=2 alpha=0.5: rho=1.079669127534 c=1.079669127534 diff=4.44e-16 colsum[min,max]=[1.0796691275,1.0796691275]
q=5 k=2 alpha=1.0: rho=1.000000000000 c=1.000000000000 diff=4.44e-16 colsum[min,max]=[1.0000000000,1.0000000000]
q=5 k=2 alpha=1.5: rho=1.222946185405 c=1.222946185405 diff=2.22e-16 colsum[min,max]=[1.2229461854,1.2229461854]
q=5 k=2 alpha=2.0: rho=1.666666666667 c=1.666666666667 diff=6.66e-16 colsum[min,max]=[1.6666666667,1.6666666667]
q=5 k=3 alpha=0.5: rho=1.079669127534 c=1.079669127534 diff=1.11e-15 colsum[min,max]=[1.0796691275,1.0796691275]
q=5 k=3 alpha=1.0: rho=1.000000000000 c=1.000000000000 diff=2.22e-16 colsum[min,max]=[1.0000000000,1.0000000000]
q=5 k=3 alpha=1.5: rho=1.222946185405 c=1.222946185405 diff=4.44e-16 colsum[min,max]=[1.2229461854,1.2229461854]
q=5 k=3 alpha=2.0: rho=1.666666666667 c=1.666666666667 diff=1.11e-15 colsum[min,max]=[1.6666666667,1.6666666667]

q=7 k=1 alpha=0.5: rho=0.912486956834 c=0.912486956834 diff=0.00e+00 colsum[min,max]=[0.9124869568,0.9124869568]
q=7 k=1 alpha=1.0: rho=1.000000000000 c=1.000000000000 diff=3.33e-16 colsum[min,max]=[1.0000000000,1.0000000000]
q=7 k=1 alpha=1.5: rho=1.447009440659 c=1.447009440659 diff=2.22e-16 colsum[min,max]=[1.4470094407,1.4470094407]
q=7 k=1 alpha=2.0: rho=2.333333333333 c=2.333333333333 diff=0.00e+00 colsum[min,max]=[2.3333333333,2.3333333333]
q=7 k=2 alpha=0.5: rho=0.912486956834 c=0.912486956834 diff=1.11e-16 colsum[min,max]=[0.9124869568,0.9124869568]
q=7 k=2 alpha=1.0: rho=1.000000000000 c=1.000000000000 diff=2.22e-16 colsum[min,max]=[1.0000000000,1.0000000000]
q=7 k=2 alpha=1.5: rho=1.447009440659 c=1.447009440659 diff=0.00e+00 colsum[min,max]=[1.4470094407,1.4470094407]
q=7 k=2 alpha=2.0: rho=2.333333333333 c=2.333333333333 diff=8.88e-16 colsum[min,max]=[2.3333333333,2.3333333333]
q=7 k=3 alpha=0.5: rho=0.912486956834 c=0.912486956834 diff=1.11e-16 colsum[min,max]=[0.9124869568,0.9124869568]
q=7 k=3 alpha=1.0: rho=1.000000000000 c=1.000000000000 diff=2.22e-16 colsum[min,max]=[1.0000000000,1.0000000000]
q=7 k=3 alpha=1.5: rho=1.447009440659 c=1.447009440659 diff=1.11e-15 colsum[min,max]=[1.4470094407,1.4470094407]
q=7 k=3 alpha=2.0: rho=2.333333333333 c=2.333333333333 diff=4.44e-16 colsum[min,max]=[2.3333333333,2.3333333333]

=== raizes da equacao de pressao q^(a-1) = 2^a - 1 ===
  q    raiz menor a1    raiz maior a2    cauda k=a2/a1
  3   1.000000000000   2.000000000000   2.000000000000
  5   0.650918639898   1.000000000000   1.536290311423
  7   0.373501034431   1.000000000000   2.677368756218
  9   0.258108023834   1.000000000000   3.874346814747
 11   0.195852438453   1.000000000000   5.105884858525
 13   0.157208189391   1.000000000000   6.360991777033
 15   0.131005796830   1.000000000000   7.633250010263
