
=== q=5  alpha_- = 0.650918639898 ===
  (a) sample size, jmax=8q
      n=  2000: s = 0.650918639898   diff = +0.000000000000
      n= 20000: s = 0.650918639898   diff = +0.000000000000
      n=100000: s = 0.650918639898   diff = +0.000000000000
  (b) sibling truncation jmax, n=100000
      jmax=  10: s = 0.650918591379   diff = -0.000000048519
      jmax=  20: s = 0.650918639898   diff = -0.000000000000   step = +4.852e-08
      jmax=  40: s = 0.650918639898   diff = +0.000000000000   step = +8.882e-16
      jmax=  80: s = 0.650918639898   diff = +0.000000000000   step = +0.000e+00
      jmax= 160: s = 0.650918639898   diff = +0.000000000000   step = +0.000e+00
  (c) large-u window, n=50000 starting at 10^12, jmax=16q
      s = 0.650918639898   diff = +0.000000000000

=== q=7  alpha_- = 0.373501034431 ===
  (a) sample size, jmax=8q
      n=  2000: s = 0.371687951771   diff = -0.001813082660
      n= 20000: s = 0.373528737656   diff = +0.000027703225
      n=100000: s = 0.373513478072   diff = +0.000012443641
  (b) sibling truncation jmax, n=100000
      jmax=  14: s = 0.373496131821   diff = -0.000004902610
      jmax=  28: s = 0.373513477743   diff = +0.000012443312   step = +1.735e-05
      jmax=  56: s = 0.373513478072   diff = +0.000012443641   step = +3.285e-10
      jmax= 112: s = 0.373513478072   diff = +0.000012443641   step = +0.000e+00
      jmax= 224: s = 0.373513478072   diff = +0.000012443641   step = +0.000e+00
  (c) large-u window, n=50000 starting at 10^12, jmax=16q
      s = 0.373477358939   diff = -0.000023675492
