
=== q=5  d=4  scalar alpha_- = 0.650918640  (20000 roots sampled) ===
  Q1 graded closure: u mod q^(K+1) -> child mod q^K
     K=1: CLOSES   (20 parent classes mod 25)
     K=2: CLOSES   (100 parent classes mod 125)
     K=3: CLOSES   (500 parent classes mod 625)
  Q2 fertility pattern from u mod q^2=25: CLOSES  (20 classes)
  Q3 child-type spread given parent type: 20 parent types, mean max-deviation 0.0000, worst 0.0000  (0 = perfectly uniform)
  BALANCED   n=20000 (multiple of d*q^2=100): s = 0.650918639898  (s - alpha_-) = +4.441e-16   rank=4 of 20 types (d=4)
  unbalanced n=20037: s = 0.650977715628  (s - alpha_-) = +5.908e-05   rank=17 of 20 types (d=4)

=== q=7  d=3  scalar alpha_- = 0.373501034  (20000 roots sampled) ===
  Q1 graded closure: u mod q^(K+1) -> child mod q^K
     K=1: CLOSES   (21 parent classes mod 49)
     K=2: CLOSES   (147 parent classes mod 343)
     K=3: CLOSES   (1029 parent classes mod 2401)
  Q2 fertility pattern from u mod q^2=49: CLOSES  (21 classes)
  Q3 child-type spread given parent type: 21 parent types, mean max-deviation 0.0010, worst 0.0026  (0 = perfectly uniform)
  BALANCED   n=19992 (multiple of d*q^2=147): s = 0.373501034431  (s - alpha_-) = +2.220e-16   rank=3 of 21 types (d=3)
  unbalanced n=20029: s = 0.373510040876  (s - alpha_-) = +9.006e-06   rank=16 of 21 types (d=3)

=== q=11  d=10  scalar alpha_- = 0.195852438  (20000 roots sampled) ===
  Q1 graded closure: u mod q^(K+1) -> child mod q^K
     K=1: CLOSES   (110 parent classes mod 121)
     K=2: CLOSES   (1210 parent classes mod 1331)
     K=3: CLOSES   (13310 parent classes mod 14641)
  Q2 fertility pattern from u mod q^2=121: CLOSES  (110 classes)
  Q3 child-type spread given parent type: 110 parent types, mean max-deviation 0.0319, worst 0.0331  (0 = perfectly uniform)
  BALANCED   n=19360 (multiple of d*q^2=1210): s = 0.195852438453  (s - alpha_-) = -2.220e-16   rank=10 of 110 types (d=10)
  unbalanced n=19397: s = 0.195850861118  (s - alpha_-) = -1.577e-06   rank=46 of 110 types (d=10)

=== q=13  d=12  scalar alpha_- = 0.157208189  (20000 roots sampled) ===
  Q1 graded closure: u mod q^(K+1) -> child mod q^K
     K=1: CLOSES   (156 parent classes mod 169)
     K=2: CLOSES   (2028 parent classes mod 2197)
     K=3: CLOSES   (20000 parent classes mod 28561)
  Q2 fertility pattern from u mod q^2=169: CLOSES  (156 classes)
  Q3 child-type spread given parent type: 156 parent types, mean max-deviation 0.0435, worst 0.0859  (0 = perfectly uniform)
  BALANCED   n=18252 (multiple of d*q^2=2028): s = 0.157208189391  (s - alpha_-) = -1.110e-16   rank=12 of 156 types (d=12)
  unbalanced n=18289: s = 0.157230693346  (s - alpha_-) = +2.250e-05   rank=46 of 156 types (d=12)

=== q=23  d=11  scalar alpha_- = 0.077948120  (20000 roots sampled) ===
  Q1 graded closure: u mod q^(K+1) -> child mod q^K
     K=1: CLOSES   (253 parent classes mod 529)
     K=2: CLOSES   (5819 parent classes mod 12167)
     K=3: CLOSES   (20000 parent classes mod 279841)
  Q2 fertility pattern from u mod q^2=529: CLOSES  (253 classes)
  Q3 child-type spread given parent type: 253 parent types, mean max-deviation 0.1572, worst 0.1646  (0 = perfectly uniform)
  BALANCED   n=17457 (multiple of d*q^2=5819): s = 0.077948119615  (s - alpha_-) = -8.327e-17   rank=11 of 253 types (d=11)
  unbalanced n=17494: s = 0.077944229360  (s - alpha_-) = -3.890e-06   rank=46 of 253 types (d=11)

=== q=31  d=5  scalar alpha_- = 0.055178867  (20000 roots sampled) ===
  Q1 graded closure: u mod q^(K+1) -> child mod q^K
     K=1: CLOSES   (155 parent classes mod 961)
     K=2: CLOSES   (4805 parent classes mod 29791)
     K=3: CLOSES   (20000 parent classes mod 923521)
  Q2 fertility pattern from u mod q^2=961: CLOSES  (155 classes)
  Q3 child-type spread given parent type: 155 parent types, mean max-deviation 0.1532, worst 0.2016  (0 = perfectly uniform)
  BALANCED   n=19220 (multiple of d*q^2=4805): s = 0.055178866576  (s - alpha_-) = +2.776e-17   rank=5 of 155 types (d=5)
  unbalanced n=19257: s = 0.055186175232  (s - alpha_-) = +7.309e-06   rank=33 of 155 types (d=5)
